---
source: tests/derive.rs
expression: "Rangeful {\n    range: 1..4,\n    range_from: 1..,\n    range_to: ..7,\n    range_full: ..,\n    range_inclusive: 1234..=1236,\n    range_inclusive_to: ..=70,\n}"
---
>>> pretty
Rangeful {
    range: 1..4,
    range_from: 1..,
    range_to: ..7,
    range_full: ..,
    range_inclusive: 1234..=1236,
    range_inclusive_to: ..=70,
}

>>> color
[38;2;102;217;239mRangeful[38;2;248;248;242m [38;2;248;248;242m{[38;2;248;248;242m
[38;2;248;248;242m    range[38;2;248;248;242m:[38;2;248;248;242m [38;2;190;132;255m1[38;2;249;38;114m..[38;2;190;132;255m4[38;2;248;248;242m,[38;2;248;248;242m
[38;2;248;248;242m    range_from[38;2;248;248;242m:[38;2;248;248;242m [38;2;190;132;255m1[38;2;249;38;114m..[38;2;248;248;242m,[38;2;248;248;242m
[38;2;248;248;242m    range_to[38;2;248;248;242m:[38;2;248;248;242m [38;2;249;38;114m..[38;2;190;132;255m7[38;2;248;248;242m,[38;2;248;248;242m
[38;2;248;248;242m    range_full[38;2;248;248;242m:[38;2;248;248;242m [38;2;249;38;114m..[38;2;248;248;242m,[38;2;248;248;242m
[38;2;248;248;242m    range_inclusive[38;2;248;248;242m:[38;2;248;248;242m [38;2;190;132;255m1234[38;2;249;38;114m..=[38;2;190;132;255m1236[38;2;248;248;242m,[38;2;248;248;242m
[38;2;248;248;242m    range_inclusive_to[38;2;248;248;242m:[38;2;248;248;242m [38;2;249;38;114m..=[38;2;190;132;255m70[38;2;248;248;242m,[38;2;248;248;242m
[38;2;248;248;242m}[0m

