---
source: tests/syn.rs
expression: "\n            [\n                \"Hello, World! I am a long string\",\n                420,\n                \"Wait, you can't mix and match types in arrays, is this python?\",\n                69,\n                \"Nice.\"\n            ]\n        "
---
pretty:
Array(ExprArray {
    attrs: [],
    bracket_token: Bracket,
    elems: [
        Lit(ExprLit {
            attrs: [],
            lit: Str(LitStr {
                token: "Hello, World! I am a long string",
            }),
        }),
        Comma,
        Lit(ExprLit {
            attrs: [],
            lit: Int(LitInt { token: 420 }),
        }),
        Comma,
        Lit(ExprLit {
            attrs: [],
            lit: Str(LitStr {
                token: "Wait, you can't mix and match types in arrays, is this python?",
            }),
        }),
        Comma,
        Lit(ExprLit {
            attrs: [],
            lit: Int(LitInt { token: 69 }),
        }),
        Comma,
        Lit(ExprLit {
            attrs: [],
            lit: Str(LitStr { token: "Nice." }),
        }),
    ],
})

color:
[38;2;102;217;239mArray[38;2;248;248;242m([38;2;102;217;239mExprArray[38;2;248;248;242m [38;2;248;248;242m{[38;2;248;248;242m
[38;2;248;248;242m    attrs[38;2;248;248;242m:[38;2;248;248;242m [38;2;248;248;242m[[38;2;248;248;242m][38;2;248;248;242m,[38;2;248;248;242m
[38;2;248;248;242m    bracket_token[38;2;248;248;242m:[38;2;248;248;242m [38;2;102;217;239mBracket[38;2;248;248;242m,[38;2;248;248;242m
[38;2;248;248;242m    elems[38;2;248;248;242m:[38;2;248;248;242m [38;2;248;248;242m[[38;2;248;248;242m
[38;2;248;248;242m        [38;2;102;217;239mLit[38;2;248;248;242m([38;2;102;217;239mExprLit[38;2;248;248;242m [38;2;248;248;242m{[38;2;248;248;242m
[38;2;248;248;242m            attrs[38;2;248;248;242m:[38;2;248;248;242m [38;2;248;248;242m[[38;2;248;248;242m][38;2;248;248;242m,[38;2;248;248;242m
[38;2;248;248;242m            lit[38;2;248;248;242m:[38;2;248;248;242m [38;2;102;217;239mStr[38;2;248;248;242m([38;2;102;217;239mLitStr[38;2;248;248;242m [38;2;248;248;242m{[38;2;248;248;242m
[38;2;248;248;242m                token[38;2;248;248;242m:[38;2;248;248;242m [38;2;230;219;116m"[38;2;230;219;116mHello, World! I am a long string[38;2;230;219;116m"[38;2;248;248;242m,[38;2;248;248;242m
[38;2;248;248;242m            [38;2;248;248;242m}[38;2;248;248;242m)[38;2;248;248;242m,[38;2;248;248;242m
[38;2;248;248;242m        [38;2;248;248;242m}[38;2;248;248;242m)[38;2;248;248;242m,[38;2;248;248;242m
[38;2;248;248;242m        [38;2;102;217;239mComma[38;2;248;248;242m,[38;2;248;248;242m
[38;2;248;248;242m        [38;2;102;217;239mLit[38;2;248;248;242m([38;2;102;217;239mExprLit[38;2;248;248;242m [38;2;248;248;242m{[38;2;248;248;242m
[38;2;248;248;242m            attrs[38;2;248;248;242m:[38;2;248;248;242m [38;2;248;248;242m[[38;2;248;248;242m][38;2;248;248;242m,[38;2;248;248;242m
[38;2;248;248;242m            lit[38;2;248;248;242m:[38;2;248;248;242m [38;2;102;217;239mInt[38;2;248;248;242m([38;2;102;217;239mLitInt[38;2;248;248;242m [38;2;248;248;242m{[38;2;248;248;242m token[38;2;248;248;242m:[38;2;248;248;242m [38;2;190;132;255m420[38;2;248;248;242m [38;2;248;248;242m}[38;2;248;248;242m)[38;2;248;248;242m,[38;2;248;248;242m
[38;2;248;248;242m        [38;2;248;248;242m}[38;2;248;248;242m)[38;2;248;248;242m,[38;2;248;248;242m
[38;2;248;248;242m        [38;2;102;217;239mComma[38;2;248;248;242m,[38;2;248;248;242m
[38;2;248;248;242m        [38;2;102;217;239mLit[38;2;248;248;242m([38;2;102;217;239mExprLit[38;2;248;248;242m [38;2;248;248;242m{[38;2;248;248;242m
[38;2;248;248;242m            attrs[38;2;248;248;242m:[38;2;248;248;242m [38;2;248;248;242m[[38;2;248;248;242m][38;2;248;248;242m,[38;2;248;248;242m
[38;2;248;248;242m            lit[38;2;248;248;242m:[38;2;248;248;242m [38;2;102;217;239mStr[38;2;248;248;242m([38;2;102;217;239mLitStr[38;2;248;248;242m [38;2;248;248;242m{[38;2;248;248;242m
[38;2;248;248;242m                token[38;2;248;248;242m:[38;2;248;248;242m [38;2;230;219;116m"[38;2;230;219;116mWait, you can't mix and match types in arrays, is this python?[38;2;230;219;116m"[38;2;248;248;242m,[38;2;248;248;242m
[38;2;248;248;242m            [38;2;248;248;242m}[38;2;248;248;242m)[38;2;248;248;242m,[38;2;248;248;242m
[38;2;248;248;242m        [38;2;248;248;242m}[38;2;248;248;242m)[38;2;248;248;242m,[38;2;248;248;242m
[38;2;248;248;242m        [38;2;102;217;239mComma[38;2;248;248;242m,[38;2;248;248;242m
[38;2;248;248;242m        [38;2;102;217;239mLit[38;2;248;248;242m([38;2;102;217;239mExprLit[38;2;248;248;242m [38;2;248;248;242m{[38;2;248;248;242m
[38;2;248;248;242m            attrs[38;2;248;248;242m:[38;2;248;248;242m [38;2;248;248;242m[[38;2;248;248;242m][38;2;248;248;242m,[38;2;248;248;242m
[38;2;248;248;242m            lit[38;2;248;248;242m:[38;2;248;248;242m [38;2;102;217;239mInt[38;2;248;248;242m([38;2;102;217;239mLitInt[38;2;248;248;242m [38;2;248;248;242m{[38;2;248;248;242m token[38;2;248;248;242m:[38;2;248;248;242m [38;2;190;132;255m69[38;2;248;248;242m [38;2;248;248;242m}[38;2;248;248;242m)[38;2;248;248;242m,[38;2;248;248;242m
[38;2;248;248;242m        [38;2;248;248;242m}[38;2;248;248;242m)[38;2;248;248;242m,[38;2;248;248;242m
[38;2;248;248;242m        [38;2;102;217;239mComma[38;2;248;248;242m,[38;2;248;248;242m
[38;2;248;248;242m        [38;2;102;217;239mLit[38;2;248;248;242m([38;2;102;217;239mExprLit[38;2;248;248;242m [38;2;248;248;242m{[38;2;248;248;242m
[38;2;248;248;242m            attrs[38;2;248;248;242m:[38;2;248;248;242m [38;2;248;248;242m[[38;2;248;248;242m][38;2;248;248;242m,[38;2;248;248;242m
[38;2;248;248;242m            lit[38;2;248;248;242m:[38;2;248;248;242m [38;2;102;217;239mStr[38;2;248;248;242m([38;2;102;217;239mLitStr[38;2;248;248;242m [38;2;248;248;242m{[38;2;248;248;242m token[38;2;248;248;242m:[38;2;248;248;242m [38;2;230;219;116m"[38;2;230;219;116mNice.[38;2;230;219;116m"[38;2;248;248;242m [38;2;248;248;242m}[38;2;248;248;242m)[38;2;248;248;242m,[38;2;248;248;242m
[38;2;248;248;242m        [38;2;248;248;242m}[38;2;248;248;242m)[38;2;248;248;242m,[38;2;248;248;242m
[38;2;248;248;242m    [38;2;248;248;242m][38;2;248;248;242m,[38;2;248;248;242m
[38;2;248;248;242m}[38;2;248;248;242m)[0m

