---
source: src/lib.rs
expression: "BTreeSet::from([420, 69])"
---
{
    69;
    420
}
