---
source: src/lib.rs
expression: "Option2::<i32>::None"
---
None
