---
source: src/lib.rs
expression: "Option2::Some(42)"
---
Some(42)
