---
source: src/lib.rs
expression: "Demo { foo: 5, bar: \"Hello, world! I am a very long string\" }"
---
Demo {
    foo: 5,
    bar: "Hello, world! I am a very long string",
}
