---
source: src/lib.rs
expression: "Demo { foo: 5, bar: \"hello\" }"
---
pretty:
Demo { foo: 5, bar: "hello" }

color:
[38;2;102;217;239mDemo[38;2;248;248;242m [38;2;248;248;242m{[38;2;248;248;242m foo[38;2;248;248;242m:[38;2;248;248;242m [38;2;190;132;255m5[38;2;248;248;242m,[38;2;248;248;242m bar[38;2;248;248;242m:[38;2;248;248;242m [38;2;230;219;116m"[38;2;230;219;116mhello[38;2;230;219;116m"[38;2;248;248;242m [38;2;248;248;242m}[0m

